warning: The selected output language "russian" has not been updated
since release 1.8.15.  As a result some sentences may appear in English.

Doxygen version used: 1.9.1
Notice: Output directory './docs' does not exist. I have created it for you.
Searching for include files...
Searching for example files...
Searching for images...
Searching for dot files...
Searching for msc files...
Searching for dia files...
Searching for files to exclude
Searching INPUT for files to process...
Searching for files in directory /home/oem123/timp-project/server
Searching for files in directory /home/oem123/timp-project/client
Searching for files in directory /home/oem123/timp-project/client/images
Reading and parsing tag files
Parsing files
Preprocessing /home/oem123/timp-project/server/auth.cpp...
Parsing file /home/oem123/timp-project/server/auth.cpp...
Preprocessing /home/oem123/timp-project/server/auth.h...
Parsing file /home/oem123/timp-project/server/auth.h...
Preprocessing /home/oem123/timp-project/server/database.cpp...
Parsing file /home/oem123/timp-project/server/database.cpp...
Preprocessing /home/oem123/timp-project/server/database.h...
Parsing file /home/oem123/timp-project/server/database.h...
Preprocessing /home/oem123/timp-project/server/main.cpp...
Parsing file /home/oem123/timp-project/server/main.cpp...
Preprocessing /home/oem123/timp-project/server/math_engine.cpp...
Parsing file /home/oem123/timp-project/server/math_engine.cpp...
Preprocessing /home/oem123/timp-project/server/math_engine.h...
Parsing file /home/oem123/timp-project/server/math_engine.h...
Preprocessing /home/oem123/timp-project/server/postgresqlserver.cpp...
Parsing file /home/oem123/timp-project/server/postgresqlserver.cpp...
Preprocessing /home/oem123/timp-project/server/postgresqlserver.h...
Parsing file /home/oem123/timp-project/server/postgresqlserver.h...
Preprocessing /home/oem123/timp-project/server/sendemail_patch.cpp...
Parsing file /home/oem123/timp-project/server/sendemail_patch.cpp...
Preprocessing /home/oem123/timp-project/client/authwindow.cpp...
Parsing file /home/oem123/timp-project/client/authwindow.cpp...
Preprocessing /home/oem123/timp-project/client/authwindow.h...
Parsing file /home/oem123/timp-project/client/authwindow.h...
Preprocessing /home/oem123/timp-project/client/formulawidget.cpp...
Parsing file /home/oem123/timp-project/client/formulawidget.cpp...
Preprocessing /home/oem123/timp-project/client/formulawidget.h...
Parsing file /home/oem123/timp-project/client/formulawidget.h...
Preprocessing /home/oem123/timp-project/client/main.cpp...
Parsing file /home/oem123/timp-project/client/main.cpp...
Preprocessing /home/oem123/timp-project/client/mainwindow.cpp...
Parsing file /home/oem123/timp-project/client/mainwindow.cpp...
Preprocessing /home/oem123/timp-project/client/mainwindow.h...
Parsing file /home/oem123/timp-project/client/mainwindow.h...
Preprocessing /home/oem123/timp-project/client/plotwidget.cpp...
Parsing file /home/oem123/timp-project/client/plotwidget.cpp...
Preprocessing /home/oem123/timp-project/client/plotwidget.h...
Parsing file /home/oem123/timp-project/client/plotwidget.h...
Preprocessing /home/oem123/timp-project/client/resetpassworddialog.cpp...
Parsing file /home/oem123/timp-project/client/resetpassworddialog.cpp...
Preprocessing /home/oem123/timp-project/client/resetpassworddialog.h...
Parsing file /home/oem123/timp-project/client/resetpassworddialog.h...
Preprocessing /home/oem123/timp-project/client/taskwindow.cpp...
Parsing file /home/oem123/timp-project/client/taskwindow.cpp...
Preprocessing /home/oem123/timp-project/client/taskwindow.h...
Parsing file /home/oem123/timp-project/client/taskwindow.h...
Preprocessing /home/oem123/timp-project/client/welcomewindow.cpp...
Parsing file /home/oem123/timp-project/client/welcomewindow.cpp...
Preprocessing /home/oem123/timp-project/client/welcomewindow.h...
Parsing file /home/oem123/timp-project/client/welcomewindow.h...
Building macro definition list...
Building group list...
Building directory list...
Building namespace list...
Building file list...
Building class list...
Computing nesting relations for classes...
Associating documentation with classes...
Building example list...
Searching for enumerations...
Searching for documented typedefs...
Searching for members imported via using declarations...
Searching for included using directives...
Searching for documented variables...
Building interface member list...
Building member list...
Searching for friends...
Searching for documented defines...
Computing class inheritance relations...
Computing class usage relations...
Flushing cached template relations that have become invalid...
Computing class relations...
Add enum values to enums...
Searching for member function documentation...
Creating members for template instances...
Building page list...
Search for main page...
Computing page relations...
Determining the scope of groups...
Sorting lists...
Determining which enums are documented
Computing member relations...
Building full member lists recursively...
Adding members to member groups.
Computing member references...
Inheriting documentation...
Generating disk names...
Adding source references...
Adding xrefitems...
Sorting member lists...
Setting anonymous enum type...
Computing dependencies between directories...
Generating citations page...
Counting members...
Counting data structures...
Resolving user defined references...
Finding anchors and sections in the documentation...
Transferring function references...
Combining using relations...
Adding members to index pages...
Correcting members for VHDL...
Computing tooltip texts...
Generating style sheet...
Generating search indices...
Generating example documentation...
Generating file sources...
Generating code for file client/authwindow.cpp...
Generating code for file client/authwindow.h...
Generating code for file client/formulawidget.cpp...
Generating code for file client/formulawidget.h...
Generating code for file client/mainwindow.cpp...
Generating code for file client/mainwindow.h...
Generating code for file client/plotwidget.cpp...
Generating code for file client/plotwidget.h...
Generating code for file client/resetpassworddialog.cpp...
Generating code for file client/resetpassworddialog.h...
Generating code for file client/taskwindow.cpp...
Generating code for file client/taskwindow.h...
Generating code for file client/welcomewindow.cpp...
Generating code for file client/welcomewindow.h...
Generating code for file server/auth.cpp...
Generating code for file server/auth.h...
Generating code for file server/database.cpp...
Generating code for file server/database.h...
Generating code for file server/main.cpp...
Generating code for file client/main.cpp...
Generating code for file server/math_engine.cpp...
Generating code for file server/math_engine.h...
Generating code for file server/postgresqlserver.cpp...
Generating code for file server/postgresqlserver.h...
Generating code for file server/sendemail_patch.cpp...
Generating file documentation...
Generating docs for file client/authwindow.cpp...
Generating docs for file client/authwindow.h...
Generating docs for file client/formulawidget.cpp...
Generating docs for file client/formulawidget.h...
Generating docs for file client/mainwindow.cpp...
Generating docs for file client/mainwindow.h...
Generating docs for file client/plotwidget.cpp...
Generating docs for file client/plotwidget.h...
Generating docs for file client/resetpassworddialog.cpp...
Generating docs for file client/resetpassworddialog.h...
Generating docs for file client/taskwindow.cpp...
Generating docs for file client/taskwindow.h...
Generating docs for file client/welcomewindow.cpp...
Generating docs for file client/welcomewindow.h...
Generating docs for file server/auth.cpp...
Generating caller graph for function generateResetToken
Generating caller graph for function hashPassword
Generating call graph for function verifyPassword
Generating docs for file server/auth.h...
Generating caller graph for function generateResetToken
Generating caller graph for function hashPassword
Generating call graph for function verifyPassword
Generating docs for file server/database.cpp...
Generating docs for file server/database.h...
Generating docs for file server/main.cpp...
Generating docs for file client/main.cpp...
Generating docs for file server/math_engine.cpp...
Generating docs for file server/math_engine.h...
Generating docs for file server/postgresqlserver.cpp...
Generating caller graph for function sendEmail
Generating docs for file server/postgresqlserver.h...
Generating docs for file server/sendemail_patch.cpp...
Generating page documentation...
Generating group documentation...
Generating class documentation...
Generating docs for compound AuthWindow...
Generating call graph for function AuthWindow::AuthWindow
Generating caller graph for function AuthWindow::authSuccess
Generating caller graph for function AuthWindow::onConnected
Generating caller graph for function AuthWindow::onError
Generating call graph for function AuthWindow::onForgotPassword
Generating caller graph for function AuthWindow::onForgotPassword
Generating call graph for function AuthWindow::onLogin
Generating caller graph for function AuthWindow::onLogin
Generating caller graph for function AuthWindow::onReadyRead
Generating call graph for function AuthWindow::onRegister
Generating caller graph for function AuthWindow::onRegister
Generating caller graph for function AuthWindow::sendCommand
Generating call graph for function AuthWindow::switchToLogin
Generating caller graph for function AuthWindow::switchToLogin
Generating call graph for function AuthWindow::switchToRegister
Generating caller graph for function AuthWindow::switchToRegister
Generating docs for compound ClientSession...
Generating docs for compound Database...
Generating caller graph for function Database::Database
Generating call graph for function Database::addUser
Generating caller graph for function Database::addUser
Generating caller graph for function Database::checkAuth
Generating caller graph for function Database::clearResetToken
Generating caller graph for function Database::close
Generating call graph for function Database::connect
Generating caller graph for function Database::connect
Generating caller graph for function Database::createTables
Generating caller graph for function Database::emailExists
Generating caller graph for function Database::getEmailByResetToken
Generating call graph for function Database::getInstance
Generating caller graph for function Database::getInstance
Generating caller graph for function Database::getUserInfoByEmail
Generating caller graph for function Database::insertTestData
Generating caller graph for function Database::isValidResetToken
Generating caller graph for function Database::setResetToken
Generating caller graph for function Database::updatePassword
Generating caller graph for function Database::updateTables
Generating caller graph for function Database::userExists
Generating docs for compound DatabaseDestroyer...
Generating caller graph for function DatabaseDestroyer::initialize
Generating docs for compound FormulaWidget...
Generating docs for compound FunctionParams...
Generating docs for compound MainWindow...
Generating call graph for function MainWindow::MainWindow
Generating call graph for function MainWindow::onCalcResponse
Generating caller graph for function MainWindow::onCalcResponse
Generating caller graph for function MainWindow::onDisconnect
Generating call graph for function MainWindow::onNumPointsChanged
Generating caller graph for function MainWindow::onNumPointsChanged
Generating call graph for function MainWindow::onParamsChanged
Generating caller graph for function MainWindow::onParamsChanged
Generating caller graph for function MainWindow::sendCalcRequest
Generating caller graph for function MainWindow::updateTable
Generating docs for compound MathEngine...
Generating caller graph for function MathEngine::calculate
Generating call graph for function MathEngine::generateDisplayPoints
Generating caller graph for function MathEngine::generateDisplayPoints
Generating call graph for function MathEngine::generatePoints
Generating caller graph for function MathEngine::generatePoints
Generating docs for compound PlotWidget...
Generating call graph for function PlotWidget::drawAxes
Generating caller graph for function PlotWidget::drawAxes
Generating caller graph for function PlotWidget::drawFormula
Generating call graph for function PlotWidget::drawFunction
Generating caller graph for function PlotWidget::drawFunction
Generating call graph for function PlotWidget::drawGrid
Generating caller graph for function PlotWidget::drawGrid
Generating call graph for function PlotWidget::paintEvent
Generating caller graph for function PlotWidget::setFunctionParams
Generating caller graph for function PlotWidget::setNumPoints
Generating caller graph for function PlotWidget::setPoints
Generating caller graph for function PlotWidget::worldToWidget
Generating docs for compound PostgreSQLServer...
Generating call graph for function PostgreSQLServer::PostgreSQLServer
Generating call graph for function PostgreSQLServer::~PostgreSQLServer
Generating caller graph for function PostgreSQLServer::onClientDisconnected
Generating call graph for function PostgreSQLServer::onNewConnection
Generating caller graph for function PostgreSQLServer::onNewConnection
Generating call graph for function PostgreSQLServer::onReadyRead
Generating caller graph for function PostgreSQLServer::onReadyRead
Generating call graph for function PostgreSQLServer::processRequest
Generating caller graph for function PostgreSQLServer::processRequest
Generating caller graph for function PostgreSQLServer::sendResponse
Generating docs for compound ResetPasswordDialog...
Generating call graph for function ResetPasswordDialog::ResetPasswordDialog
Generating caller graph for function ResetPasswordDialog::appendMessage
Generating call graph for function ResetPasswordDialog::onReadyRead
Generating call graph for function ResetPasswordDialog::onResetPassword
Generating caller graph for function ResetPasswordDialog::onResetPassword
Generating call graph for function ResetPasswordDialog::onSendCode
Generating caller graph for function ResetPasswordDialog::onSendCode
Generating caller graph for function ResetPasswordDialog::sendCommand
Generating caller graph for function ResetPasswordDialog::setSocket
Generating docs for compound TaskWindow...
Generating call graph for function TaskWindow::TaskWindow
Generating caller graph for function TaskWindow::nextClicked
Generating caller graph for function TaskWindow::onNextClicked
Generating docs for compound UserInfo...
Generating docs for compound WelcomeWindow...
Generating call graph for function WelcomeWindow::WelcomeWindow
Generating caller graph for function WelcomeWindow::nextClicked
Generating caller graph for function WelcomeWindow::onNextClicked
Generating namespace index...
Generating graph info page...
Generating directory documentation...
Generating index page...
Generating page index...
Generating module index...
Generating namespace index...
Generating namespace member index...
Generating annotated compound index...
Generating alphabetical compound index...
Generating hierarchical class index...
Generating graphical class hierarchy...
Generating member index...
Generating file index...
Generating file member index...
Generating example index...
finalizing index lists...
writing tag file...
Running plantuml with JAVA...
Running dot...
Generating dot graphs using 17 parallel threads...
Running dot for graph 1/164
Running dot for graph 2/164
Running dot for graph 3/164
Running dot for graph 4/164
Running dot for graph 5/164
Running dot for graph 6/164
Running dot for graph 7/164
Running dot for graph 8/164
Running dot for graph 9/164
Running dot for graph 10/164
Running dot for graph 11/164
Running dot for graph 12/164
Running dot for graph 13/164
Running dot for graph 14/164
Running dot for graph 15/164
Running dot for graph 16/164
Running dot for graph 17/164
Running dot for graph 18/164
Running dot for graph 19/164
Running dot for graph 20/164
Running dot for graph 21/164
Running dot for graph 22/164
Running dot for graph 23/164
Running dot for graph 24/164
Running dot for graph 25/164
Running dot for graph 26/164
Running dot for graph 27/164
Running dot for graph 28/164
Running dot for graph 29/164
Running dot for graph 30/164
Running dot for graph 31/164
Running dot for graph 32/164
Running dot for graph 33/164
Running dot for graph 34/164
Running dot for graph 35/164
Running dot for graph 36/164
Running dot for graph 37/164
Running dot for graph 38/164
Running dot for graph 39/164
Running dot for graph 40/164
Running dot for graph 41/164
Running dot for graph 42/164
Running dot for graph 43/164
Running dot for graph 44/164
Running dot for graph 45/164
Running dot for graph 46/164
Running dot for graph 47/164
Running dot for graph 48/164
Running dot for graph 49/164
Running dot for graph 50/164
Running dot for graph 51/164
Running dot for graph 52/164
Running dot for graph 53/164
Running dot for graph 54/164
Running dot for graph 55/164
Running dot for graph 56/164
Running dot for graph 57/164
Running dot for graph 58/164
Running dot for graph 59/164
Running dot for graph 60/164
Running dot for graph 61/164
Running dot for graph 62/164
Running dot for graph 63/164
Running dot for graph 64/164
Running dot for graph 65/164
Running dot for graph 66/164
Running dot for graph 67/164
Running dot for graph 68/164
Running dot for graph 69/164
Running dot for graph 70/164
Running dot for graph 71/164
Running dot for graph 72/164
Running dot for graph 73/164
Running dot for graph 74/164
Running dot for graph 75/164
Running dot for graph 76/164
Running dot for graph 77/164
Running dot for graph 78/164
Running dot for graph 79/164
Running dot for graph 80/164
Running dot for graph 81/164
Running dot for graph 82/164
Running dot for graph 83/164
Running dot for graph 84/164
Running dot for graph 85/164
Running dot for graph 86/164
Running dot for graph 87/164
Running dot for graph 88/164
Running dot for graph 89/164
Running dot for graph 90/164
Running dot for graph 91/164
Running dot for graph 92/164
Running dot for graph 93/164
Running dot for graph 94/164
Running dot for graph 95/164
Running dot for graph 96/164
Running dot for graph 97/164
Running dot for graph 98/164
Running dot for graph 99/164
Running dot for graph 100/164
Running dot for graph 101/164
Running dot for graph 102/164
Running dot for graph 103/164
Running dot for graph 104/164
Running dot for graph 105/164
Running dot for graph 106/164
Running dot for graph 107/164
Running dot for graph 108/164
Running dot for graph 109/164
Running dot for graph 110/164
Running dot for graph 111/164
Running dot for graph 112/164
Running dot for graph 113/164
Running dot for graph 114/164
Running dot for graph 115/164
Running dot for graph 116/164
Running dot for graph 117/164
Running dot for graph 118/164
Running dot for graph 119/164
Running dot for graph 120/164
Running dot for graph 121/164
Running dot for graph 122/164
Running dot for graph 123/164
Running dot for graph 124/164
Running dot for graph 125/164
Running dot for graph 126/164
Running dot for graph 127/164
Running dot for graph 128/164
Running dot for graph 129/164
Running dot for graph 130/164
Running dot for graph 131/164
Running dot for graph 132/164
Running dot for graph 133/164
Running dot for graph 134/164
Running dot for graph 135/164
Running dot for graph 136/164
Running dot for graph 137/164
Running dot for graph 138/164
Running dot for graph 139/164
Running dot for graph 140/164
Running dot for graph 141/164
Running dot for graph 142/164
Running dot for graph 143/164
Running dot for graph 144/164
Running dot for graph 145/164
Running dot for graph 146/164
Running dot for graph 147/164
Running dot for graph 148/164
Running dot for graph 149/164
Running dot for graph 150/164
Running dot for graph 151/164
Running dot for graph 152/164
Running dot for graph 153/164
Running dot for graph 154/164
Running dot for graph 155/164
Running dot for graph 156/164
Running dot for graph 157/164
Running dot for graph 158/164
Running dot for graph 159/164
Running dot for graph 160/164
Running dot for graph 161/164
Running dot for graph 162/164
Running dot for graph 163/164
Running dot for graph 164/164
Patching output file 1/39
Patching output file 2/39
Patching output file 3/39
Patching output file 4/39
Patching output file 5/39
Patching output file 6/39
Patching output file 7/39
Patching output file 8/39
Patching output file 9/39
Patching output file 10/39
Patching output file 11/39
Patching output file 12/39
Patching output file 13/39
Patching output file 14/39
Patching output file 15/39
Patching output file 16/39
Patching output file 17/39
Patching output file 18/39
Patching output file 19/39
Patching output file 20/39
Patching output file 21/39
Patching output file 22/39
Patching output file 23/39
Patching output file 24/39
Patching output file 25/39
Patching output file 26/39
Patching output file 27/39
Patching output file 28/39
Patching output file 29/39
Patching output file 30/39
Patching output file 31/39
Patching output file 32/39
Patching output file 33/39
Patching output file 34/39
Patching output file 35/39
Patching output file 36/39
Patching output file 37/39
Patching output file 38/39
Patching output file 39/39
lookup cache used 301/65536 hits=1723 misses=306
finished...
